
> XobikartNJS@0.1.0 build
> next build

  Γû▓ Next.js 14.2.18
  - Environments: .env.local

   Creating an optimized production build ...
node.exe : Failed to compile.
At line:1 char:1
+ & "C:\Program Files\nodejs/node.exe" "C:\Program Files\nodejs/node_mo ...
+ ~~~~~~~~~~~~~~~~~~~~~~~~~~~~~~~~~~~~~~~~~~~~~~~~~~~~~~~~~~~~~~~~~~~~~
    + CategoryInfo          : NotSpecified: (Failed to compile.:String) [], RemoteException
    + FullyQualifiedErrorId : NativeCommandError
 

./app/globals.css.webpack[javascript/auto]!=!./node_modules/next/dist/build/webpack/loaders/css-loader/src/index.js??ru
leSet[1].rules[14].oneOf[12].use[2]!./node_modules/next/dist/build/webpack/loaders/postcss-loader/src/index.js??ruleSet
[1].rules[14].oneOf[12].use[3]!./app/globals.css
SyntaxError: Unexpected token, expected ";" (4:10)
    at unexpected (C:\Users\abila\Downloads\xobikart\node_modules\sucrase\dist\parser\traverser\util.js:99:15)
    at semicolon (C:\Users\abila\Downloads\xobikart\node_modules\sucrase\dist\parser\traverser\util.js:77:5)
    at parseVarStatement 
(C:\Users\abila\Downloads\xobikart\node_modules\sucrase\dist\parser\traverser\statement.js:536:19)
    at parseStatementContent 
(C:\Users\abila\Downloads\xobikart\node_modules\sucrase\dist\parser\traverser\statement.js:178:7)
    at parseStatement (C:\Users\abila\Downloads\xobikart\node_modules\sucrase\dist\parser\traverser\statement.js:116:3)
    at parseBlockBody (C:\Users\abila\Downloads\xobikart\node_modules\sucrase\dist\parser\traverser\statement.js:586:5)
    at parseTopLevel (C:\Users\abila\Downloads\xobikart\node_modules\sucrase\dist\parser\traverser\statement.js:92:3)
    at parseFile (C:\Users\abila\Downloads\xobikart\node_modules\sucrase\dist\parser\traverser\index.js:17:35)
    at parse (C:\Users\abila\Downloads\xobikart\node_modules\sucrase\dist\parser\index.js:26:35)
    at getSucraseContext (C:\Users\abila\Downloads\xobikart\node_modules\sucrase\dist\index.js:95:30)

Import trace for requested module:
./app/globals.css.webpack[javascript/auto]!=!./node_modules/next/dist/build/webpack/loaders/css-loader/src/index.js??ru
leSet[1].rules[14].oneOf[12].use[2]!./node_modules/next/dist/build/webpack/loaders/postcss-loader/src/index.js??ruleSet
[1].rules[14].oneOf[12].use[3]!./app/globals.css
./app/globals.css

./app/globals.css
SyntaxError: Unexpected token, expected ";" (4:10)
    at unexpected (C:\Users\abila\Downloads\xobikart\node_modules\sucrase\dist\parser\traverser\util.js:99:15)
    at semicolon (C:\Users\abila\Downloads\xobikart\node_modules\sucrase\dist\parser\traverser\util.js:77:5)
    at parseVarStatement 
(C:\Users\abila\Downloads\xobikart\node_modules\sucrase\dist\parser\traverser\statement.js:536:19)
    at parseStatementContent 
(C:\Users\abila\Downloads\xobikart\node_modules\sucrase\dist\parser\traverser\statement.js:178:7)
    at parseStatement (C:\Users\abila\Downloads\xobikart\node_modules\sucrase\dist\parser\traverser\statement.js:116:3)
    at parseBlockBody (C:\Users\abila\Downloads\xobikart\node_modules\sucrase\dist\parser\traverser\statement.js:586:5)
    at parseTopLevel (C:\Users\abila\Downloads\xobikart\node_modules\sucrase\dist\parser\traverser\statement.js:92:3)
    at parseFile (C:\Users\abila\Downloads\xobikart\node_modules\sucrase\dist\parser\traverser\index.js:17:35)
    at parse (C:\Users\abila\Downloads\xobikart\node_modules\sucrase\dist\parser\index.js:26:35)
    at getSucraseContext (C:\Users\abila\Downloads\xobikart\node_modules\sucrase\dist\index.js:95:30)
    at tryRunOrWebpackError 
(C:\Users\abila\Downloads\xobikart\node_modules\next\dist\compiled\webpack\bundle5.js:28:312989)
    at __webpack_require_module__ 
(C:\Users\abila\Downloads\xobikart\node_modules\next\dist\compiled\webpack\bundle5.js:28:131165)
    at __nested_webpack_require_153728__ 
(C:\Users\abila\Downloads\xobikart\node_modules\next\dist\compiled\webpack\bundle5.js:28:130607)
    at C:\Users\abila\Downloads\xobikart\node_modules\next\dist\compiled\webpack\bundle5.js:28:131454
    at symbolIterator (C:\Users\abila\Downloads\xobikart\node_modules\next\dist\compiled\neo-async\async.js:1:14444)
    at done (C:\Users\abila\Downloads\xobikart\node_modules\next\dist\compiled\neo-async\async.js:1:14824)
    at Hook.eval [as callAsync] (eval at create 
(C:\Users\abila\Downloads\xobikart\node_modules\next\dist\compiled\webpack\bundle5.js:13:28858), <anonymous>:15:1)
    at Hook.CALL_ASYNC_DELEGATE [as _callAsync] 
(C:\Users\abila\Downloads\xobikart\node_modules\next\dist\compiled\webpack\bundle5.js:13:26012)
    at C:\Users\abila\Downloads\xobikart\node_modules\next\dist\compiled\webpack\bundle5.js:28:130328
    at symbolIterator (C:\Users\abila\Downloads\xobikart\node_modules\next\dist\compiled\neo-async\async.js:1:14402)
-- inner error --
SyntaxError: Unexpected token, expected ";" (4:10)
    at unexpected (C:\Users\abila\Downloads\xobikart\node_modules\sucrase\dist\parser\traverser\util.js:99:15)
    at semicolon (C:\Users\abila\Downloads\xobikart\node_modules\sucrase\dist\parser\traverser\util.js:77:5)
    at parseVarStatement 
(C:\Users\abila\Downloads\xobikart\node_modules\sucrase\dist\parser\traverser\statement.js:536:19)
    at parseStatementContent 
(C:\Users\abila\Downloads\xobikart\node_modules\sucrase\dist\parser\traverser\statement.js:178:7)
    at parseStatement (C:\Users\abila\Downloads\xobikart\node_modules\sucrase\dist\parser\traverser\statement.js:116:3)
    at parseBlockBody (C:\Users\abila\Downloads\xobikart\node_modules\sucrase\dist\parser\traverser\statement.js:586:5)
    at parseTopLevel (C:\Users\abila\Downloads\xobikart\node_modules\sucrase\dist\parser\traverser\statement.js:92:3)
    at parseFile (C:\Users\abila\Downloads\xobikart\node_modules\sucrase\dist\parser\traverser\index.js:17:35)
    at parse (C:\Users\abila\Downloads\xobikart\node_modules\sucrase\dist\parser\index.js:26:35)
    at getSucraseContext (C:\Users\abila\Downloads\xobikart\node_modules\sucrase\dist\index.js:95:30)
    at Object.<anonymous> (C:\Users\abila\Downloads\xobikart\node_modules\next\dist\build\webpack\loaders\css-loader\sr
c\index.js??ruleSet[1].rules[14].oneOf[12].use[2]!C:\Users\abila\Downloads\xobikart\node_modules\next\dist\build\webpac
k\loaders\postcss-loader\src\index.js??ruleSet[1].rules[14].oneOf[12].use[3]!C:\Users\abila\Downloads\xobikart\app\glob
als.css:1:7)
    at C:\Users\abila\Downloads\xobikart\node_modules\next\dist\compiled\webpack\bundle5.js:28:922493
    at Hook.eval [as call] (eval at create 
(C:\Users\abila\Downloads\xobikart\node_modules\next\dist\compiled\webpack\bundle5.js:13:28636), <anonymous>:7:1)
    at Hook.CALL_DELEGATE [as _call] 
(C:\Users\abila\Downloads\xobikart\node_modules\next\dist\compiled\webpack\bundle5.js:13:25906)
    at C:\Users\abila\Downloads\xobikart\node_modules\next\dist\compiled\webpack\bundle5.js:28:131198
    at tryRunOrWebpackError 
(C:\Users\abila\Downloads\xobikart\node_modules\next\dist\compiled\webpack\bundle5.js:28:312943)
    at __webpack_require_module__ 
(C:\Users\abila\Downloads\xobikart\node_modules\next\dist\compiled\webpack\bundle5.js:28:131165)
    at __nested_webpack_require_153728__ 
(C:\Users\abila\Downloads\xobikart\node_modules\next\dist\compiled\webpack\bundle5.js:28:130607)
    at C:\Users\abila\Downloads\xobikart\node_modules\next\dist\compiled\webpack\bundle5.js:28:131454
    at symbolIterator (C:\Users\abila\Downloads\xobikart\node_modules\next\dist\compiled\neo-async\async.js:1:14444)

Generated code for C:\Users\abila\Downloads\xobikart\node_modules\next\dist\build\webpack\loaders\css-loader\src\index.
js??ruleSet[1].rules[14].oneOf[12].use[2]!C:\Users\abila\Downloads\xobikart\node_modules\next\dist\build\webpack\loader
s\postcss-loader\src\index.js??ruleSet[1].rules[14].oneOf[12].use[3]!C:\Users\abila\Downloads\xobikart\app\globals.css

Import trace for requested module:
./app/globals.css


> Build failed because of webpack errors
